// Jest Snapshot v1, https://goo.gl/fbAQLP

exports[`KeepitList renders correctly 1`] = `
<ul
  class="KeepitList__StyledUl-sc-1db6amq-2 nyXXF"
>
  <li
    class="KeepitList__StyledLi-sc-1db6amq-3 eWnMnb"
  >
    <img
      alt=""
      class="KeepitList__StyledImg-sc-1db6amq-1 bA-Drmk"
      src="undefined/test.png"
    />
    <div
      class="KeepitList__StyledStarRating-sc-1db6amq-0 iDCVPP"
    >
      <svg
        fill="var(--color-primary)"
        width="5"
      >
        star.svg
      </svg>
      <svg
        fill="var(--color-primary)"
        width="5"
      >
        star.svg
      </svg>
      <svg
        fill="var(--color-primary)"
        width="5"
      >
        star.svg
      </svg>
      <svg
        fill="var(--color-primary)"
        width="5"
      >
        star.svg
      </svg>
    </div>
  </li>
</ul>
`;
