// Jest Snapshot v1, https://goo.gl/fbAQLP

exports[`Footer renders correctly 1`] = `
<footer
  class="Footer__StyledFooter-kov3c2-4 etinVo"
>
  <div
    class="Footer__StyledBgArea-kov3c2-5 fRLQux"
  >
    <div
      class="Footer__StyleBgLeft-kov3c2-6 jShniw"
    />
    <div
      class="Footer__StyleBgRight-kov3c2-8 hviOhx"
    />
    <div
      class="Footer__StyledBgMiddle-kov3c2-7 cAgUaa"
      style="background-image: url(data:image/svg+xml,%3Csvg%3Ebg-foot3.svg%3C%2Fsvg%3E);"
    >
      <div
        class="Footer__StyledText-kov3c2-9 bBKTHH"
      >
        Text
      </div>
    </div>
  </div>
  <div
    class="Footer__StyledButtonArea-kov3c2-1 UpbrS"
  >
    <div
      class="Footer__StyledLeftIconWrapper-kov3c2-2 hiWOzN"
      data-testid="TestLeftIcon"
    >
      <svg>
        search.svg
      </svg>
    </div>
    <div
      class="Footer__StyledIcon-kov3c2-0 hUpnFY"
    >
      <svg>
        search.svg
      </svg>
    </div>
    <div
      class="Footer__StyledRightIconWrapper-kov3c2-3 jwfhtv"
      data-testid="TestRightIcon"
    >
      <svg>
        search.svg
      </svg>
    </div>
  </div>
</footer>
`;
