// Jest Snapshot v1, https://goo.gl/fbAQLP

exports[`CustomTagForm renders correctly 1`] = `
<form
  class="CustomTagForm__StyledForm-sc-1gfdyqv-0 jpUBDX"
  data-testid="TestForm"
>
  <input
    name="customTag"
    placeholder="Add your own tag..."
    type="text"
  />
  <button>
    <svg>
      plus.svg
    </svg>
  </button>
</form>
`;
