// Jest Snapshot v1, https://goo.gl/fbAQLP

exports[`Taglist renders correctly 1`] = `
<ul
  class="Taglist__StyledUl-e2yq2l-1 hXgrG"
>
  <li
    class="Taglist__StyledLi-e2yq2l-2 bMScUO"
  >
    <span
      class="Taglist__StyledTagText-e2yq2l-0 iyvejS"
    >
      Beer
       
    </span>
    
  </li>
  <li
    class="Taglist__StyledLi-e2yq2l-2 bMScUO"
  >
    <span
      class="Taglist__StyledTagText-e2yq2l-0 iyvejS"
    >
      Barware
       
    </span>
    
  </li>
</ul>
`;
