// Jest Snapshot v1, https://goo.gl/fbAQLP

exports[`LoadingSpinner renders correctly 1`] = `
<div
  class="LoadingSpinner__StyledLoadingWrapper-vjl14b-0 WePaw"
>
  <div
    class="LoadingSpinner__StyledLoadingDiv-vjl14b-1 caFZkY"
  >
    <div />
    <div />
    <div />
    <div />
  </div>
</div>
`;
